
   INFO  Server running on [http://127.0.0.1:8001].  

  Press Ctrl+C to stop the server

  2026-05-23 19:44:53 / ........................................................................................ ~ 8s
  2026-05-23 19:46:07 / ........................................................................................ ~ 1s

   INFO  Environment modified. Restarting server...  

   INFO  Server running on [http://127.0.0.1:8001].  

  Press Ctrl+C to stop the server

  2026-05-23 19:46:57 / ........................................................................................ ~ 7s
  2026-05-23 19:48:30 / ........................................................................................ ~ 3s
  2026-05-23 19:49:06 /marketplace ............................................................................. ~ 1s
  2026-05-23 19:49:07 /livestock/ayrshire-cow-nakuru ........................................................... ~ 2s
  2026-05-23 19:49:08 /categories ........................................................................ ~ 516.91ms
  2026-05-23 19:49:09 /categories/cattle ....................................................................... ~ 2s
  2026-05-23 19:49:12 /counties ................................................................................ ~ 2s
  2026-05-23 19:49:14 /counties/nakuru ................................................................... ~ 503.05ms
  2026-05-23 19:49:15 /guide ................................................................................... ~ 1s
  2026-05-23 19:49:16 /seller/dashboard ........................................................................ ~ 1s
  2026-05-23 19:49:18 /seller/listings/create/preview .......................................................... ~ 1s
  2026-05-23 19:49:19 /admin/dashboard ......................................................................... ~ 2s
  2026-05-23 19:49:22 /admin/listings .......................................................................... ~ 1s
  2026-05-23 19:49:22 /admin/users/1 ........................................................................... ~ 1s
  2026-05-23 19:49:24 /admin/settings .......................................................................... ~ 1s
  2026-05-23 19:50:32 / ........................................................................................ ~ 1s
  2026-05-23 19:50:32 / .................................................................................. ~ 508.28ms
  2026-05-23 19:50:35 /assets/brand/logo-primary.png ..................................................... ~ 516.43ms
  2026-05-23 19:50:35 /assets/placeholders/livestock-1.jpg ................................................. ~ 3.62ms
  2026-05-23 19:50:35 /assets/brand/coming-soon-web.png .................................................. ~ 529.86ms
  2026-05-23 19:50:35 /assets/placeholders/livestock-2.jpg ................................................. ~ 0.75ms
  2026-05-23 19:50:56 / .................................................................................. ~ 525.99ms
  2026-05-23 19:50:56 /assets/brand/logo-primary.png ..................................................... ~ 573.03ms
  2026-05-23 19:50:57 /assets/placeholders/livestock-1.jpg ................................................. ~ 0.84ms
  2026-05-23 19:50:57 /assets/placeholders/livestock-2.jpg ................................................. ~ 1.09ms
  2026-05-23 19:50:57 /assets/brand/coming-soon-web.png ................................................... ~ 28.09ms
  2026-05-23 19:50:58 /favicon.ico ....................................................................... ~ 502.67ms
  2026-05-23 19:51:40 / ....................................................................................... ~ 21s
  2026-05-23 19:51:40 / ....................................................................................... ~ 22s
  2026-05-23 19:52:07 / .................................................................................. ~ 543.66ms
  2026-05-23 19:52:07 /assets/placeholders/livestock-1.jpg ............................................... ~ 516.55ms
  2026-05-23 19:52:06 /assets/brand/logo-primary.png ........................................................... ~ 1s
  2026-05-23 19:52:07 /assets/placeholders/livestock-2.jpg ............................................... ~ 553.02ms
  2026-05-23 19:52:07 /assets/brand/coming-soon-web.png .................................................. ~ 568.18ms
  2026-05-23 19:52:13 /categories ........................................................................ ~ 518.04ms
  2026-05-23 19:52:14 /assets/brand/logo-primary.png ....................................................... ~ 0.99ms
  2026-05-23 19:52:19 /how-it-works ............................................................................ ~ 1s
  2026-05-23 19:52:20 /assets/brand/logo-primary.png ..................................................... ~ 514.01ms
  2026-05-23 19:52:42 /marketplace ............................................................................. ~ 2s
  2026-05-23 19:52:42 /assets/brand/logo-primary.png ........................................................... ~ 1s
  2026-05-23 19:52:44 /assets/placeholders/livestock-1.jpg ................................................. ~ 1.72ms
  2026-05-23 19:52:44 /assets/placeholders/livestock-2.jpg ................................................. ~ 3.16ms
  2026-05-23 19:52:55 /guide ............................................................................. ~ 501.86ms
  2026-05-23 19:52:56 /assets/brand/logo-primary.png ....................................................... ~ 0.74ms
  2026-05-23 19:53:33 /marketplace ....................................................................... ~ 508.11ms
  2026-05-23 19:53:34 /assets/placeholders/livestock-1.jpg ................................................. ~ 0.99ms
  2026-05-23 19:53:34 /assets/brand/logo-primary.png ....................................................... ~ 5.81ms
  2026-05-23 19:53:34 /assets/placeholders/livestock-2.jpg ................................................. ~ 3.79ms
  2026-05-23 19:53:58 .......................................................................................... ~ 1m
  2026-05-23 19:57:03 /categories ........................................................................ ~ 509.96ms
  2026-05-23 19:57:03 /assets/brand/logo-primary.png ..................................................... ~ 514.43ms
  2026-05-23 19:57:06 /how-it-works ...................................................................... ~ 509.94ms
  2026-05-23 19:57:06 /assets/brand/logo-primary.png ....................................................... ~ 9.81ms
  2026-05-23 19:57:09 /about ............................................................................. ~ 503.48ms
  2026-05-23 19:57:09 /assets/brand/logo-primary.png ....................................................... ~ 4.77ms
  2026-05-23 19:58:19 / ........................................................................................ ~ 1s
  2026-05-23 19:58:19 /assets/brand/logo-primary.png ..................................................... ~ 532.52ms
  2026-05-23 19:58:20 /assets/placeholders/livestock-1.jpg ................................................. ~ 0.71ms
  2026-05-23 19:58:20 /assets/brand/coming-soon-web.png .................................................... ~ 7.80ms
  2026-05-23 19:58:20 /assets/placeholders/livestock-2.jpg ................................................. ~ 0.63ms
  2026-05-23 19:59:04 /categories .............................................................................. ~ 1s
  2026-05-23 19:59:05 /assets/brand/logo-primary.png ....................................................... ~ 0.65ms
  2026-05-23 19:59:09 /how-it-works ...................................................................... ~ 507.12ms
  2026-05-23 19:59:10 /assets/brand/logo-primary.png ....................................................... ~ 5.51ms
  2026-05-23 19:59:12 /about ............................................................................. ~ 504.71ms
  2026-05-23 19:59:12 /assets/brand/logo-primary.png ..................................................... ~ 577.14ms
  2026-05-23 19:59:14 /faq ............................................................................... ~ 508.11ms
  2026-05-23 19:59:14 /assets/brand/logo-primary.png ..................................................... ~ 509.77ms
  2026-05-23 19:59:21 /guide ............................................................................. ~ 506.29ms
  2026-05-23 19:59:21 /assets/brand/logo-primary.png ..................................................... ~ 511.75ms
  2026-05-23 19:59:48 /categories ........................................................................ ~ 504.75ms
  2026-05-23 19:59:49 /assets/brand/logo-primary.png ....................................................... ~ 0.81ms
  2026-05-23 19:59:51 /marketplace ....................................................................... ~ 566.39ms
  2026-05-23 19:59:51 /assets/placeholders/livestock-1.jpg ............................................... ~ 491.15ms
  2026-05-23 19:59:51 /assets/placeholders/livestock-2.jpg ............................................... ~ 494.69ms
  2026-05-23 19:59:51 /assets/brand/logo-primary.png ..................................................... ~ 497.91ms
  2026-05-23 19:59:57 /livestock/boran-bull-garissa ...................................................... ~ 522.80ms
  2026-05-23 19:59:57 /assets/placeholders/livestock-1.jpg ................................................. ~ 4.59ms
  2026-05-23 19:59:57 /assets/brand/logo-primary.png ..................................................... ~ 536.18ms
  2026-05-23 19:59:57 /assets/placeholders/livestock-2.jpg ................................................ ~ 39.95ms
  2026-05-23 20:00:27 /categories ........................................................................ ~ 536.54ms
  2026-05-23 20:00:27 /assets/brand/logo-primary.png ....................................................... ~ 6.09ms
  2026-05-23 20:00:50 /guide ................................................................................... ~ 1s
  2026-05-23 20:00:51 /assets/brand/logo-primary.png ........................................................... ~ 2s
  2026-05-23 20:01:21 /marketplace ....................................................................... ~ 529.10ms
  2026-05-23 20:01:22 /assets/placeholders/livestock-1.jpg ................................................. ~ 3.89ms
  2026-05-23 20:01:22 /assets/placeholders/livestock-2.jpg ................................................ ~ 15.77ms
  2026-05-23 20:01:21 /assets/brand/logo-primary.png ..................................................... ~ 593.46ms
  2026-05-23 20:22:15 /marketplace ............................................................................. ~ 1s
  2026-05-23 20:22:17 /categories ........................................................................ ~ 510.35ms
  2026-05-23 20:22:18 /about ............................................................................. ~ 502.48ms
  2026-05-23 20:22:19 /guide ................................................................................... ~ 1s
  2026-05-23 20:22:20 /livestock/ayrshire-cow-nakuru ........................................................... ~ 2s
  2026-05-23 20:27:26 /marketplace ....................................................................... ~ 513.06ms
  2026-05-23 20:27:27 /guide ............................................................................. ~ 506.37ms
  2026-05-23 20:27:27 /marketplace ....................................................................... ~ 519.81ms
  2026-05-23 20:27:28 /about ............................................................................. ~ 513.76ms
  2026-05-23 20:27:27 /assets/livestock/cow-ayrshire.jpg ....................................................... ~ 1s
  2026-05-23 20:27:28 /assets/livestock/bull-real.jpg ...................................................... ~ 6.32ms
  2026-05-23 20:27:28 /assets/livestock/goat-real.jpg ..................................................... ~ 10.29ms
  2026-05-23 20:27:28 /assets/livestock/sheep-real.jpg .................................................... ~ 15.67ms
  2026-05-23 20:27:28 /assets/livestock/chicken.jpg ....................................................... ~ 17.51ms
  2026-05-23 20:27:28 /assets/brand/logo-primary.png ...................................................... ~ 27.23ms
  2026-05-23 20:27:39 /livestock/friesian-cow-nyeri ...................................................... ~ 519.91ms
  2026-05-23 20:27:40 /assets/livestock/cow-ayrshire.jpg ................................................... ~ 0.85ms
  2026-05-23 20:27:40 /assets/livestock/bull-real.jpg ...................................................... ~ 0.55ms
  2026-05-23 20:27:40 /assets/brand/logo-primary.png ...................................................... ~ 18.48ms
  2026-05-23 20:27:54 /categories ........................................................................ ~ 506.25ms
  2026-05-23 20:27:54 /assets/livestock/cow-ayrshire.jpg ................................................... ~ 0.60ms
  2026-05-23 20:27:54 /assets/brand/logo-primary.png ..................................................... ~ 513.45ms
  2026-05-23 20:27:54 /assets/livestock/goat-real.jpg ...................................................... ~ 5.08ms
  2026-05-23 20:27:54 /assets/livestock/cows-field.jpg .................................................... ~ 10.99ms
  2026-05-23 20:27:54 /assets/livestock/sheep-real.jpg .................................................... ~ 13.56ms
  2026-05-23 20:27:54 /assets/livestock/chicken.jpg ....................................................... ~ 16.11ms
  2026-05-23 20:27:54 /assets/brand/coming-soon-web.png ................................................... ~ 18.75ms
  2026-05-23 20:28:03 /how-it-works ...................................................................... ~ 514.90ms
  2026-05-23 20:28:03 /assets/brand/logo-primary.png ..................................................... ~ 518.39ms
  2026-05-23 20:28:05 /about ............................................................................. ~ 507.55ms
  2026-05-23 20:28:06 /assets/livestock/cow-ayrshire.jpg ................................................... ~ 0.79ms
  2026-05-23 20:28:05 /assets/brand/logo-primary.png ..................................................... ~ 517.96ms
  2026-05-23 20:28:19 /guide ............................................................................. ~ 513.31ms
  2026-05-23 20:28:19 /assets/brand/logo-primary.png ..................................................... ~ 541.65ms
  2026-05-23 20:31:44 /guide ............................................................................. ~ 503.40ms
  2026-05-23 20:53:48 /guide ................................................................................... ~ 1s
  2026-05-23 20:53:49 / ........................................................................................ ~ 5s
  2026-05-23 20:53:55 /guide ................................................................................... ~ 1s
  2026-05-23 20:53:55 /assets/brand/logo-primary.png ........................................................... ~ 1s
  2026-05-23 20:53:55 /assets/brand/logo-primary.png ........................................................... ~ 1s
  2026-05-23 20:54:04 /guide ................................................................................... ~ 1s
  2026-05-23 20:54:04 /assets/brand/logo-primary.png ........................................................... ~ 1s
  2026-05-23 21:01:16 /marketplace ............................................................................ ~ 18s
  2026-05-23 21:01:16 /marketplace ............................................................................ ~ 18s
  2026-05-23 21:01:34 /categories ........................................................................ ~ 642.57ms
  2026-05-23 21:01:35 /assets/livestock/cow-ayrshire.jpg ................................................. ~ 507.63ms
  2026-05-23 21:01:35 /assets/livestock/goat-real.jpg .................................................... ~ 531.83ms
  2026-05-23 21:01:35 /assets/livestock/sheep-real.jpg .................................................... ~ 32.62ms
  2026-05-23 21:01:35 /assets/brand/logo-primary.png ........................................................... ~ 1s
  2026-05-23 21:01:35 /assets/livestock/cows-field.jpg .................................................... ~ 44.43ms
  2026-05-23 21:01:35 /assets/livestock/chicken.jpg ....................................................... ~ 51.91ms
  2026-05-23 21:01:35 /assets/brand/coming-soon-web.png ................................................... ~ 36.49ms
  2026-05-23 21:01:37 /marketplace ......................................................................... ~ 1.02ms
  2026-05-23 21:01:38 /assets/livestock/cow-ayrshire.jpg .................................................. ~ 17.71ms
  2026-05-23 21:01:38 /assets/brand/logo-primary.png ..................................................... ~ 531.44ms
  2026-05-23 21:01:38 /assets/livestock/bull-real.jpg ...................................................... ~ 0.71ms
  2026-05-23 21:01:38 /assets/livestock/goat-real.jpg ...................................................... ~ 4.08ms
  2026-05-23 21:01:38 /assets/livestock/sheep-real.jpg .................................................... ~ 10.10ms
  2026-05-23 21:01:38 /assets/livestock/chicken.jpg ....................................................... ~ 13.88ms
  2026-05-23 21:05:18 /categories ........................................................................ ~ 525.04ms
  2026-05-23 21:05:19 /assets/livestock/cow-ayrshire.jpg ................................................... ~ 0.80ms
  2026-05-23 21:05:19 /assets/brand/logo-primary.png ....................................................... ~ 6.91ms
  2026-05-23 21:05:19 /assets/livestock/goat-real.jpg ...................................................... ~ 0.71ms
  2026-05-23 21:05:19 /assets/livestock/sheep-real.jpg ..................................................... ~ 0.78ms
  2026-05-23 21:05:19 /assets/livestock/chicken.jpg ........................................................ ~ 4.36ms
  2026-05-23 21:05:19 /assets/livestock/cows-field.jpg ..................................................... ~ 0.62ms
  2026-05-23 21:05:19 /assets/brand/coming-soon-web.png .................................................... ~ 0.62ms
  2026-05-23 21:05:21 /categories/goats ........................................................................ ~ 1s
  2026-05-23 21:05:22 /assets/livestock/goat-real.jpg ...................................................... ~ 0.74ms
  2026-05-23 21:05:22 /assets/brand/logo-primary.png ....................................................... ~ 4.97ms
  2026-05-23 21:05:27 /categories/poultry ................................................................ ~ 508.25ms
  2026-05-23 21:05:27 /assets/brand/logo-primary.png ..................................................... ~ 514.15ms
  2026-05-23 21:05:28 /assets/livestock/chicken.jpg ........................................................ ~ 0.57ms
  2026-05-23 21:05:29 /categories/feeds .................................................................. ~ 509.75ms
  2026-05-23 21:05:30 /assets/livestock/cow-ayrshire.jpg ................................................... ~ 0.60ms
  2026-05-23 21:05:30 /assets/livestock/bull-real.jpg ...................................................... ~ 3.73ms
  2026-05-23 21:05:29 /assets/brand/logo-primary.png ..................................................... ~ 519.16ms
  2026-05-23 21:05:31 /about ................................................................................... ~ 1s
  2026-05-23 21:05:32 /assets/livestock/cow-ayrshire.jpg ................................................... ~ 0.53ms
  2026-05-23 21:05:31 /assets/brand/logo-primary.png ..................................................... ~ 513.38ms
  2026-05-23 21:05:37 /faq ............................................................................... ~ 510.04ms
  2026-05-23 21:05:37 /assets/brand/logo-primary.png ..................................................... ~ 513.79ms
  2026-05-23 21:05:42 /guide ............................................................................. ~ 577.60ms
  2026-05-23 21:05:42 /assets/brand/logo-primary.png ........................................................... ~ 1s
  2026-05-23 21:05:52 /admin/dashboard ......................................................................... ~ 2s
  2026-05-23 21:05:52 /admin/dashboard ......................................................................... ~ 2s
  2026-05-23 21:05:54 /assets/brand/logo-symbol.png ...................................................... ~ 511.13ms
  2026-05-23 21:06:00 /admin/dashboard ................................................................... ~ 520.37ms
  2026-05-23 21:06:00 /assets/brand/logo-symbol.png ...................................................... ~ 524.29ms
  2026-05-23 21:06:02 /admin/listings .......................................................................... ~ 1s
  2026-05-23 21:06:03 /assets/livestock/cow-ayrshire.jpg ................................................... ~ 0.68ms
  2026-05-23 21:06:03 /assets/brand/logo-symbol.png ........................................................ ~ 5.15ms
  2026-05-23 21:06:03 /assets/livestock/goat-real.jpg ...................................................... ~ 8.84ms
  2026-05-23 21:06:03 /assets/livestock/bull-real.jpg ..................................................... ~ 12.78ms
  2026-05-23 21:06:03 /assets/livestock/sheep-real.jpg .................................................... ~ 16.17ms
  2026-05-23 21:06:03 /assets/livestock/chicken.jpg ....................................................... ~ 30.40ms
  2026-05-23 21:06:07 /admin/users ............................................................................. ~ 1s
  2026-05-23 21:06:08 /assets/brand/logo-symbol.png ........................................................ ~ 0.74ms
  2026-05-23 21:06:10 /admin/access-requests ............................................................. ~ 506.67ms
  2026-05-23 21:06:10 /assets/brand/logo-symbol.png ............................................................ ~ 1s
  2026-05-23 21:06:15 /admin/categories ........................................................................ ~ 1s
  2026-05-23 21:06:16 /assets/brand/logo-symbol.png ........................................................ ~ 0.75ms
  2026-05-23 21:06:24 /admin/categories .................................................................. ~ 505.86ms
  2026-05-23 21:06:24 /assets/brand/logo-symbol.png ...................................................... ~ 512.17ms
  2026-05-23 21:06:30 /admin/reports ..................................................................... ~ 505.25ms
  2026-05-23 21:06:30 /assets/brand/logo-symbol.png ........................................................ ~ 6.42ms
  2026-05-23 21:06:33 /admin/featured .................................................................... ~ 510.85ms
  2026-05-23 21:06:34 /assets/livestock/cow-ayrshire.jpg ................................................... ~ 1.53ms
  2026-05-23 21:06:34 /assets/livestock/goat-real.jpg ...................................................... ~ 9.05ms
  2026-05-23 21:06:34 /assets/brand/logo-symbol.png ....................................................... ~ 14.19ms
  2026-05-23 21:06:36 /admin/settings .................................................................... ~ 537.65ms
  2026-05-23 21:06:36 /assets/brand/logo-symbol.png ........................................................ ~ 0.62ms
  2026-05-23 21:06:40 /admin/analytics ................................................................... ~ 515.84ms
  2026-05-23 21:06:41 /assets/brand/logo-symbol.png ........................................................ ~ 4.86ms
  2026-05-23 21:06:44 /guide ............................................................................. ~ 504.81ms
  2026-05-23 21:06:44 /assets/brand/logo-primary.png ..................................................... ~ 511.54ms
  2026-05-23 21:08:23 /marketplace ............................................................................. ~ 1s
  2026-05-23 21:08:23 /assets/livestock/cow-ayrshire.jpg ................................................... ~ 1.04ms
  2026-05-23 21:08:23 /assets/brand/logo-primary.png ..................................................... ~ 535.94ms
  2026-05-23 21:08:23 /assets/livestock/bull-real.jpg ...................................................... ~ 3.16ms
  2026-05-23 21:08:23 /assets/livestock/goat-real.jpg ...................................................... ~ 0.52ms
  2026-05-23 21:08:23 /assets/livestock/sheep-real.jpg ..................................................... ~ 0.70ms
  2026-05-23 21:08:23 /assets/livestock/chicken.jpg ........................................................ ~ 0.52ms
